[0m[0K]0;:/c/Users/user/Documents/hw1-hsuehhan[?25l
[0;32muser@DESKTOP-D0NT7ON [0;35m [0;33m~/Documents/hw1-hsuehhan[0;36m (master)[0m[0K
$[0K[3G[?25h[?25l$ g[0K[?25hi[0Kt[0K[7G[?25l$ git r[0K[?25he[0Km[0Ko[0Kt[0Ke[0K[14G[?25l$ git remote a[0K[?25hd[0Kd[0K[18G[?25l$ git remote add o[0K[?25hp[0Ks[0Kt[0Kr[0Ka[0K[?25l$ git remote add opstr[0K[?25he[0Ka[0Km[0K[27G[26G[25G[24G[23G[22G[21G[20G[19G[?25l$ git remote add pstream[0K[18G[?25h[?25l$ git remote add upstream[0K[19G[?25h[20G[21G[22G[23G[24G[25G[26G[27G[?25l$ git remote add upstream h[0K[?25ht[0Kt[0Kp[0Ks[0K:[0K/[0K/[0Kg[0Ki[0K[?25lt[0K[37G[?25h[38G[?25l$ git remote add upstream https://gith[0K[?25hu[0Kb[0K.[0Kc[0Ko[0Km[0K/[0K1[0K0[0K7[0K2[0K-[0Kd[0Ka[0Kt[0Ka[0Ks[0Kc[0Ki[0Ke[0Kn[0Kc[0Ke[0K/[0Kh[0Kw[0K[66G[65G[?25l$ git remote add upstream https://github.com/1072-datascience/hw1[0K[?25h-[0Kh[0Ks[0Ku[0Ke[0Kh[0Kh[0Ka[0Kn[0K.[0Kg[0Ki[0Kt[0K[?25l
[0K[?25h[?25l
[0;32muser@DESKTOP-D0NT7ON [0;35m [0;33m~/Documents/hw1-hsuehhan[0;36m (master)[0m[0K
$[0K[3G[?25h[?25l$ g[0K[?25hi[0Kt[0K[7G[?25l$ git r[0K[?25he[0Km[0Ko[0Kt[0Ke[0K[14G[?25l$ git remote -[0K[?25hv[0K[?25l
[0K[?25horigin  https://github.com/hsuehhan/hw1-hsuehhan.git (fetch)[0K[?25l
origin  https://github.com/hsuehhan/hw1-hsuehhan.git (push)[0K
upstream        https://github.com/1072-datascience/hw1-hsuehhan.git (fetch)[0K
upstream        https://github.com/1072-datascience/hw1-hsuehhan.git (push)[0K
[0K[?25h[?25l
[0;32muser@DESKTOP-D0NT7ON [0;35m [0;33m~/Documents/hw1-hsuehhan[0;36m (master)[0m[0K
$[0K[3G[?25h[?25l$ g[0K[?25hi[0Kt[0K[7G[?25l$ git c[0K[?25hh[0Ke[0Kc[0Kk[0Ko[0Ku[0Kt[0K[16G[?25l$ git checkout -[0K[?25hb[0K[19G[?25l$ git checkout -b p[0K[?25hr[0Ko[0Kp[0Ko[0Ks[0Ke[0Kd[0K-[0Kf[0Ki[0Kx[0Ke[0Kd[0K[?25l$ git checkout -b proposed-fixe[0K[?25hs[0K[34G[?25l$ git checkout -b proposed-fixes m[0K[?25ha[0Ks[0Kt[0Ke[0Kr[0K[?25l
[0K[?25hSwitched to a new branch 'proposed-fixes'[0K[?25l
[0K[?25h[?25l
[0;32muser@DESKTOP-D0NT7ON [0;35m [0;33m~/Documents/hw1-hsuehhan[0;36m (proposed-fixes)[0m[0K
$[0K[3G[?25h[?25l$ g[0K[?25hi[0Kt[0K[7G[?25l$ git p[0K[?25hu[0Ks[0Kh[0K[12G[?25l$ git push o[0K[?25hr[0Ki[0Kg[0Ko[0K[?25l$ git push orig[0K[?25hi[0Kn[0K[19G[?25l$ git push origin p[0K[?25hr[0Ko[0Kposed-fixes[0K[34G[?25l
[0K[?25hLogon failed, use ctrl+c to cancel basic credential prompt.[0K[?25l
[0K[?25herror: cannot spawn rpostback-askpass: No such file or directory[0K[?25l
[0K[?25hUsername for 'https://github.com':[0K[36G[?25lUsername for 'https://github.com': h[0K[?25hs[0Ku[0Ke[0Kh[0Kh[0Ka[0Kn[0K[?25l
error: cannot spawn rpostback-askpass: No such file or directory[0K
[0K[?25hPassword for 'https://hsuehhan@github.com':[0K[45G[?25l
[0K[?25hremote: Invalid username or password.[0K[?25l
fatal: Authentication failed for 'https://github.com/hsuehhan/hw1-hsuehhan.git/'[0K
[0K[?25h[?25l
[0;32muser@DESKTOP-D0NT7ON [0;35m [0;33m~/Documents/hw1-hsuehhan[0;36m (proposed-fixes)[0m[0K
$[0K[3G[?25h[?25l$ git push origin proposed-fixes[0K[34G[?25h[?25l
[0K[?25hLogon failed, use ctrl+c to cancel basic credential prompt.[0K[?25l
[0K[?25herror: cannot spawn rpostback-askpass: No such file or directory[0K[?25l
[0K[?25hUsername for 'https://github.com':[0K[36G[?25lUsername for 'https://github.com': h[0K[?25hs[0Ku[0Ke[0Kh[0Kh[0Ka[0Kn[0K[?25lUsername for 'https://github.com': hsuehha[0K[?25h[?25lUsername for 'https://github.com': hsuehh[0K[?25h[?25lUsername for 'https://github.com': hsueh[0K[?25h[?25lUsername for 'https://github.com': hsue[0K[?25h[?25lUsername for 'https://github.com': hsu[0K[?25h[?25lUsername for 'https://github.com': hs[0K[?25h[?25lUsername for 'https://github.com': h[0K[?25h[?25lUsername for 'https://github.com':[0K[36G[?25h[?25lUsername for 'https://github.com': "[0K[?25h"[0K[37G[?25lUsername for 'https://github.com': "h"[0K[38G[?25h[?25lUsername for 'https://github.com': "hs"[0K[39G[?25h[?25lUsername for 'https://github.com': "hsu"[0K[40G[?25h[?25lUsername for 'https://github.com': "hsue"[0K[41G[?25h[?25lUsername for 'https://github.com': "hsueh"[0K[42G[?25h[?25lUsername for 'https://github.com': "hsuehh"[0K[43G[?25h[?25lUsername for 'https://github.com': "hsuehha"[0K[44G[?25h[?25lUsername for 'https://github.com': "hsuehhan"[0K[45G[?25h[?25l
error: cannot spawn rpostback-askpass: No such file or directory[0K
[0K[?25hPassword for 'https://"hsuehhan"@github.com':[0K[47G[?25l
[0K[?25hremote: Invalid username or password.[0K[?25l
fatal: Authentication failed for 'https://github.com/hsuehhan/hw1-hsuehhan.git/'[0K
[0K[?25h[?25l
[0;32muser@DESKTOP-D0NT7ON [0;35m [0;33m~/Documents/hw1-hsuehhan[0;36m (proposed-fixes)[0m[0K
$[0K[3G[?25h[?25l$ git push origin proposed-fixes[0K[34G[?25h[?25l
[0K[?25hLogon failed, use ctrl+c to cancel basic credential prompt.[0K[?25l
[0K[?25herror: cannot spawn rpostback-askpass: No such file or directory[0K[?25l
Username for 'https://github.com':[0K[36G[?25h[?25lUsername for 'https://github.com': h[0K[?25hs[0Ku[0Ke[0Kh[0Kh[0Ka[0Kn[0K[?25l
[0K[?25herror: cannot spawn rpostback-askpass: No such file or directory[0K[?25l
Password for 'https://hsuehhan@github.com':[0K[45G[?25h[?25l
[0K[?25hremote: Invalid username or password.[0K[?25l
fatal: Authentication failed for 'https://github.com/hsuehhan/hw1-hsuehhan.git/'[0K
[0K[?25h[?25l
[0;32muser@DESKTOP-D0NT7ON [0;35m [0;33m~/Documents/hw1-hsuehhan[0;36m (proposed-fixes)[0m[0K
$[0K[3G[?25h[?25l$ g[0K[?25h[?25lt[0K[4G[?25h[5G[?25l$ gti[0K[5G[?25h[6G[7G[6G[?25l$ gt[0K[?25hi[0Kt[0K[8G[7G[?25l$ gti[0K[?25h[?25l$ gt[0K[?25h[?25l$ g[0K[?25hi[0Kt[0K[7G[?25l$ git p[0K[?25hu[0Ks[0Kh[0K[?25l$ git pus[0K[?25h[?25l$ git pu[0K[?25hsh origin proposed-fixes[0K[34G[?25l$ git checkout -b proposed-fixes master[0K[?25h[?25l$ git push origin proposed-fixes[0K[34G[?25h[?25l
[0K[?25hLogon failed, use ctrl+c to cancel basic credential prompt.[0K[?25l
[0K[?25herror: cannot spawn rpostback-askpass: No such file or directory[0K[?25l
[0K[?25hUsername for 'https://github.com':[0K[36G[?25lUsername for 'https://github.com': h[0K[?25hs[0Ku[0Ke[0Kh[0Kh[0Ka[0Kn[0K[?25l
error: cannot spawn rpostback-askpass: No such file or directory[0K
[0K[?25hPassword for 'https://hsuehhan@github.com':[0K[45G[?25l
[0K[?25h[?25l
[0;32muser@DESKTOP-D0NT7ON [0;35m [0;33m~/Documents/hw1-hsuehhan[0;36m (proposed-fixes)[0m[0K
$[0K[3G[?25h[?25l$ git push origin proposed-fixes[0K[34G[?25h[?25l
[0K[?25hLogon failed, use ctrl+c to cancel basic credential prompt.[0K[?25l
[0K[?25herror: cannot spawn rpostback-askpass: No such file or directory[0K[?25l
[0K[?25hUsername for 'https://github.com':[0K[36G[?25l
[0K[?25h[?25l
[0;32muser@DESKTOP-D0NT7ON [0;35m [0;33m~/Documents/hw1-hsuehhan[0;36m (proposed-fixes)[0m[0K
$[0K[3G[?25h[?25l$ git push origin proposed-fixes[0K[34G[?25h[?25l
[0K[?25hLogon failed, use ctrl+c to cancel basic credential prompt.[0K[?25l
[0K[?25herror: cannot spawn rpostback-askpass: No such file or directory[0K[?25l
[0K[?25hUsername for 'https://github.com':[0K[36G[?25lUsername for 'https://github.com': h[0K[?25hs[0Ku[0Ke[0Kh[0Kh[0Ka[0Kn[0K[?25l
error: cannot spawn rpostback-askpass: No such file or directory[0K
[0K[?25hPassword for 'https://hsuehhan@github.com':[0K[45G[?25l
[0K[?25hremote: Invalid username or password.[0K[?25l
fatal: Authentication failed for 'https://github.com/hsuehhan/hw1-hsuehhan.git/'[0K
[0K[?25h[?25l
[0;32muser@DESKTOP-D0NT7ON [0;35m [0;33m~/Documents/hw1-hsuehhan[0;36m (proposed-fixes)[0m[0K
$[0K[3G[?25h[?25l$ g[0K[?25hi[0Kt[0K[7G[?25l$ git r[0K[?25he[0Km[0Ko[0Kt[0Ke[0K[14G[?25l$ git remote -[0K[?25hc[0K[?25l$ git remote -[0K[?25hv[0K[?25l
[0K[?25horigin  https://github.com/hsuehhan/hw1-hsuehhan.git (fetch)[0K[?25l
origin  https://github.com/hsuehhan/hw1-hsuehhan.git (push)[0K
upstream        https://github.com/1072-datascience/hw1-hsuehhan.git (fetch)[0K
upstream        https://github.com/1072-datascience/hw1-hsuehhan.git (push)[0K
[0K[?25h[?25l
[0;32muser@DESKTOP-D0NT7ON [0;35m [0;33m~/Documents/hw1-hsuehhan[0;36m (proposed-fixes)[0m[0K
$[0K[3G[?25h[?25l$ g[0K[?25hi[0Kt[0K[7G[?25l$ git r[0K[?25he[0Km[0Ko[0Kt[0Ke[0K[14G[?25l$ git remote r[0K[?25he[0Km[0Ko[0Kv[0Ke[0K[21G[?25l$ git remote remove o[0K[?25hr[0Ki[0Kg[0Ki[0Kn[0K[?25l
[0K[?25h[?25l
[0;32muser@DESKTOP-D0NT7ON [0;35m [0;33m~/Documents/hw1-hsuehhan[0;36m (proposed-fixes)[0m[0K
$[0K[3G[?25h[?25l$ g[0K[?25hi[0Kt[0K[7G[?25l$ git r[0K[?25he[0Ko[0Km[0K[?25l$ git reo[0K[?25h[?25l$ git re[0K[?25hm[0Ko[0Kt[0Ke[0K[14G[?25l$ git remote a[0K[?25hd[0Kd[0K[18G[?25l$ git remote add o[0K[?25hr[0Ki[0Kg[0Ki[0Kn[0K[25G[?25l$ git remote add origin g[0K[?25hi[0Kt[0K@[0Kg[0Ki[0Kt[0Kh[0Ku[0Kb[0K.[0Kc[0Ko[0Km[0K:[0Kh[0Ks[0Ku[0Ke[0Kh[0Kh[0Ka[0Kn[0K/[0Kh[0Kw[0K1[0K-[0Kh[0Ks[0Ku[0Ke[0Kh[0Kh[0Ka[0Kn[0K.[0Kg[0Ki[0Kt[0K[?25l
[0K[?25h[?25l
[0;32muser@DESKTOP-D0NT7ON [0;35m [0;33m~/Documents/hw1-hsuehhan[0;36m (proposed-fixes)[0m[0K
$[0K[3G[?25h[?25l$ git remote add origin git@github.com:hsuehhan/hw1-hsuehhan.git[0K[?25h[?25l$ git remote remove origin[0K[?25h[?25l$ git remote -v[0K[?25h[?25l$ git push origin proposed-fixes[0K[34G[?25h[?25l
[0K[?25hEnumerating objects: 9, done.[0K[?25l
Counting objects: 100% (9/9), done.[0K
Delta compression using up to 8 threads[0K
Compressing objects: 100% (6/6), done.[0K
Writing objects: 100% (7/7), 888 bytes | 444.00 KiB/s, done.[0K
Total 7 (delta 2), reused 0 (delta 0)[0K
[0K[?25h[?25lremote: Resolving deltas:   0% (0/2)[0K[1G[?25hremote: Resolving deltas: 100% (2/2), completed with 1 local object.[0K[?25l
[0K[?25hremote:[0K[?25l
remote: Create a pull request for 'proposed-fixes' on GitHub by visiting:[0K
remote:      https://github.com/hsuehhan/hw1-hsuehhan/pull/new/proposed-fixes[0K
remote:[0K
[0K[?25hTo github.com:hsuehhan/hw1-hsuehhan.git[0K[?25l
 * [new branch]      proposed-fixes -> proposed-fixes[0K
[0K[?25h[?25l
[0;32muser@DESKTOP-D0NT7ON [0;35m [0;33m~/Documents/hw1-hsuehhan[0;36m (proposed-fixes)[0m[0K
$[0K[3G[?25h[?25l$ git push origin proposed-fixes[0K[34G[?25h[?25l$ git remote add origin git@github.com:hsuehhan/hw1-hsuehhan.git[0K[?25h[?25l$ git remote remove origin[0K[?25h[?25l$ git remote add origin git@github.com:hsuehhan/hw1-hsuehhan.git[0K[?25h[64G[63G[62G[61G[60G[59G[58G[57G[56G[55G[54G[53G[52G[51G[50G[49G[48G[?25l$ git remote add origin git@github.com:hsuehha/hw1-hsuehhan.git[0K[47G[?25h[?25l$ git remote add origin git@github.com:hsuehh/hw1-hsuehhan.git[0K[46G[?25h[?25l$ git remote add origin git@github.com:hsueh/hw1-hsuehhan.git[0K[45G[?25h[?25l$ git remote add origin git@github.com:hsue/hw1-hsuehhan.git[0K[44G[?25h[?25l$ git remote add origin git@github.com:hsu/hw1-hsuehhan.git[0K[43G[?25h[?25l$ git remote add origin git@github.com:hs/hw1-hsuehhan.git[0K[42G[?25h[?25l$ git remote add origin git@github.com:h/hw1-hsuehhan.git[0K[42G[?25h[41G[?25l$ git remote add origin git@github.com:/hw1-hsuehhan.git[0K[40G[?25h[?25l$ git remote add origin git@github.com:1/hw1-hsuehhan.git[0K[41G[?25h[?25l$ git remote add origin git@github.com:10/hw1-hsuehhan.git[0K[42G[?25h[?25l$ git remote add origin git@github.com:107/hw1-hsuehhan.git[0K[43G[?25h[?25l$ git remote add origin git@github.com:1072/hw1-hsuehhan.git[0K[44G[?25h[?25l$ git remote add origin git@github.com:1072-/hw1-hsuehhan.git[0K[45G[?25h[?25l$ git remote add origin git@github.com:1072-d/hw1-hsuehhan.git[0K[46G[?25h[?25l$ git remote add origin git@github.com:1072-da/hw1-hsuehhan.git[0K[47G[?25h[?25l$ git remote add origin git@github.com:1072-dat/hw1-hsuehhan.git[0K[48G[?25h[?25l$ git remote add origin git@github.com:1072-data/hw1-hsuehhan.git[0K[49G[?25h[?25l$ git remote add origin git@github.com:1072-datas/hw1-hsuehhan.git[0K[50G[?25h[?25l$ git remote add origin git@github.com:1072-datasc/hw1-hsuehhan.git[0K[51G[?25h[?25l$ git remote add origin git@github.com:1072-datasci/hw1-hsuehhan.git[0K[52G[?25h[?25l$ git remote add origin git@github.com:1072-datascie/hw1-hsuehhan.git[0K[53G[?25h[?25l$ git remote add origin git@github.com:1072-datascien/hw1-hsuehhan.git[0K[54G[?25h[?25l$ git remote add origin git@github.com:1072-datascienc/hw1-hsuehhan.git[0K[55G[?25h[?25l$ git remote add origin git@github.com:1072-datascience/hw1-hsuehhan.git[0K[56G[?25h[?25l
[0K[?25hfatal: remote origin already exists.[0K[?25l
[0K[?25h[?25l
[0;32muser@DESKTOP-D0NT7ON [0;35m [0;33m~/Documents/hw1-hsuehhan[0;36m (proposed-fixes)[0m[0K
$[0K[3G[?25h[0m[0K]0;:/c/Users/user/Documents/hw1-hsuehhan[?25l
[0;32muser@DESKTOP-D0NT7ON [0;35m [0;33m~/Documents/hw1-hsuehhan[0;36m (proposed-fixes)[0m[0K
[?25l$ g[0K[?25hi[0Kt[0K[7G[?25l$ git a[0K[?25hd[0Kd[0K[11G[?25l$ git add R[0K[?25hE[0KA[0KD[0KM[0KE[0K.[0Km[0Kd[0K[?25l
[0K[?25h[?25l
[0;32muser@DESKTOP-D0NT7ON [0;35m [0;33m~/Documents/hw1-hsuehhan[0;36m (proposed-fixes)[0m[0K
$[0K[3G[?25h[?25l$ g[0K[?25hi[0Kt[0Kc[0Ko[0Km[0Km[0Ki[0Kt[0K[11G[10G[9G[8G[7G[6G[5G[?25l$ gi tcommit[0K[6G[?25h[7G[6G[?25l$ gitcommit[0K[5G[?25h[6G[?25l$ git commit[0K[7G[?25h[8G[9G[10G[11G[12G[13G[14G[?25l$ git commit -[0K[?25hm[0K[17G[?25l$ git commit -m "[0K[?25hw[0Kr[0Ki[0Kt[0Ki[0Kn[0Kg[0K[?25l$ git commit -m "writin[0K[?25h[?25l$ git commit -m "writi[0K[24G[?25h[23G[?25l$ git commit -m "writ[0K[?25h[?25l$ git commit -m "wri[0K[?25h[?25l$ git commit -m "wr[0K[?25h[?25l$ git commit -m "w[0K[?25h[?25l$ git commit -m "[0K[?25he[0Kd[0Ki[0Kt[0K[23G[?25l$ git commit -m "edit n[0K[?25ha[0Km[0Ke[0K"[0K[?25l
[0K[?25hOn branch proposed-fixes[0K[?25l
nothing to commit, working tree clean[0K
[0K[?25h[?25l
[0;32muser@DESKTOP-D0NT7ON [0;35m [0;33m~/Documents/hw1-hsuehhan[0;36m (proposed-fixes)[0m[0K
$[0K[3G[?25h[?25l$ f[0K[?25hi[0Kt[0K[7G[?25l$ fit p[0K[?25hu[0Ks[0Kh[0K[10G[9G[8G[7G[6G[5G[4G[?25l$ it push[0K[4G[?25h[3G[?25l$ git push[0K[4G[?25h[5G[6G[7G[8G[9G[10G[11G[12G[?25l$ git push o[0K[?25hr[0Ki[0Kg[0Ki[0Kn[0K[19G[?25l$ git push origin m[0K[?25ha[0Ks[0Kt[0Ke[0Kr[0K[?25l
[0K[?25hEverything up-to-date[0K[?25l
[0K[?25h[?25l
[0;32muser@DESKTOP-D0NT7ON [0;35m [0;33m~/Documents/hw1-hsuehhan[0;36m (proposed-fixes)[0m[0K
$[0K[3G[?25h[?25l$ git push origin master[0K[?25h[24G[23G[?25l$ git commit -m "edit name"[0K[?25h[?25l$ git add README.md[0K[?25h[19G[18G[17G[?25l$ git add READM.md[0K[16G[?25h[?25l$ git add READ.md[0K[16G[?25h[15G[?25l$ git add REA.md[0K[14G[?25h[?25l$ git add RE.md[0K[13G[?25h[?25l$ git add R.md[0K[12G[?25h[?25l$ git add .md[0K[12G[?25h[11G[?25l$ git add r.md[0K[12G[?25h[?25l$ git add re.md[0K[13G[?25h[?25l$ git add rea.md[0K[14G[?25h[?25l$ git add read.md[0K[15G[?25h[?25l$ git add readm.md[0K[16G[?25h[?25l$ git add readme.md[0K[17G[?25h[?25l
[0K[?25h[?25l
[0;32muser@DESKTOP-D0NT7ON [0;35m [0;33m~/Documents/hw1-hsuehhan[0;36m (proposed-fixes)[0m[0K
$[0K[3G[?25h[?25l$ git add readme.md[0K[?25h[?25l$ git push origin master[0K[?25h[?25l$ git commit -m "edit name"[0K[?25h[?25l
[0K[?25hOn branch proposed-fixes[0K[?25l
nothing to commit, working tree clean[0K
[0K[?25h[?25l
[0;32muser@DESKTOP-D0NT7ON [0;35m [0;33m~/Documents/hw1-hsuehhan[0;36m (proposed-fixes)[0m[0K
$[0K[3G[?25h[?25l$ git commit -m "edit name"[0K[?25h[?25l$ git add readme.md[0K[?25h[?25l$ git push origin master[0K[?25h[?25l
[0K[?25hEverything up-to-date[0K[?25l
[0K[?25h[?25l
[0;32muser@DESKTOP-D0NT7ON [0;35m [0;33m~/Documents/hw1-hsuehhan[0;36m (proposed-fixes)[0m[0K
$[0K[3G[?25h[?25l$ git push origin master[0K[?25h[?25l$[0K[3G[?25h[?25l$ git push origin master[0K[?25h[?25l$ git push origin maste[0K[?25h[?25l$ git push origin mast[0K[24G[?25h[23G[?25l$ git push origin mas[0K[?25h[?25l$ git push origin ma[0K[?25h[?25l$ git push origin m[0K[?25h[?25l$ git push origin[0K[19G[?25h[?25l$ git push origin p[0K[?25hr[0Ko[0Kp[0Ko[0Ks[0Ke[0Kd[0K-fixes[0K[34G[?25l
[0K[?25hEverything up-to-date[0K[?25l
[0K[?25h[?25l
[0;32muser@DESKTOP-D0NT7ON [0;35m [0;33m~/Documents/hw1-hsuehhan[0;36m (proposed-fixes)[0m[0K
$[0K[3G[?25h[?25l$ g[0K[?25hi[0Kt[0K[7G[?25l$ git i[0K[?25hn[0Ki[0Kt[0K[?25l
[0K[?25hReinitialized existing Git repository in C:/Users/user/Documents/hw1-hsuehhan/.git/[0K[?25l
[0K[?25h[?25l
[0;32muser@DESKTOP-D0NT7ON [0;35m [0;33m~/Documents/hw1-hsuehhan[0;36m (proposed-fixes)[0m[0K[23G[?25h[?25l
$[0K[3G[?25h[?25l$ git init[0K[?25h[?25l$ git push origin proposed-fixes[0K[34G[?25h[?25l$ git push origin master[0K[?25h[?25l$ git commit -m "edit name"[0K[?25h[?25l$ git add readme.md[0K[?25h[?25l$ git push origin master[0K[?25h[?25l$ git commit -m "edit name"[0K[?25h[?25l$ git add README.md[0K[?25h[?25l$ l[0K[?25h[?25l$ git add README.md[0K[?25h[?25l
[0K[?25h[?25l
[0;32muser@DESKTOP-D0NT7ON [0;35m [0;33m~/Documents/hw1-hsuehhan[0;36m (proposed-fixes)[0m[0K
$[0K[3G[?25h[?25l$ git add README.md[0K[?25h[?25l$ git init[0K[?25h[?25l$ git push origin proposed-fixes[0K[34G[?25h[?25l$ git push origin master[0K[?25h[?25l$ git commit -m "edit name"[0K[?25h[?25l$ git add readme.md[0K[?25h[?25l$ git push origin master[0K[?25h[?25l$ git commit -m "edit name"[0K[?25h[?25l$ git add README.md[0K[?25h[?25l$ git commit -m "edit name"[0K[?25h[?25l
[0K[?25hOn branch proposed-fixes[0K[?25l
nothing to commit, working tree clean[0K
[0K[?25h[?25l
[0;32muser@DESKTOP-D0NT7ON [0;35m [0;33m~/Documents/hw1-hsuehhan[0;36m (proposed-fixes)[0m[0K
$[0K[3G[?25h[?25l$ git commit -m "edit name"[0K[?25h[?25l$ git add README.md[0K[?25h[?25l$ git init[0K[?25h[?25l$ git add README.md[0K[?25h[?25l$ git init[0K[?25h[?25l$ git push origin proposed-fixes[0K[34G[?25h[?25l$ git push origin master[0K[?25h[?25l$ git commit -m "edit name"[0K[?25h[?25l$ git add readme.md[0K[?25h[?25l$ git commit -m "edit name"[0K[?25h[?25l$ git push origin master[0K[?25h[?25l$ git push origin proposed-fixes[0K[34G[?25h[?25l$ git push origin master[0K[?25h[?25l
[0K[?25hEverything up-to-date[0K[?25l
[0K[?25h[?25l
[0;32muser@DESKTOP-D0NT7ON [0;35m [0;33m~/Documents/hw1-hsuehhan[0;36m (proposed-fixes)[0m[0K
$[0K[3G[?25h[?25l$ git push origin master[0K[?25h[?25l$ git commit -m "edit name"[0K[?25h[?25l$ git add README.md[0K[?25h[?25l$ git init[0K[?25h[?25l$ git push origin proposed-fixes[0K[34G[?25h[?25l$ git commit -m "edit name"[0K[?25h[?25l$ git add readme.md[0K[?25h[?25l$ git push origin master[0K[?25h[?25l$ git commit -m "edit name"[0K[?25h[?25l$ git add README.md[0K[?25h[?25l$ l[0K[?25h[?25l$ git pull origin master[0K[?25h[?25l$ git config remote.origin.url git@github.com:1072-datascience/hw1-hsuehhan.git[0K[?25h[?25l$ git config remote.origin.url[0K[32G[?25h[?25l$ git remote add origin [0K[?25h[?25l$ git init[0K[?25h[?25l$ cd hw01[0K[?25h[?25l$ mkdir hw01[0K[?25h[?25l$ l[0K[?25h[?25l$ cd R[0K[?25h[?25l$ l[0K[?25h[?25l$ cd Documents/[0K[?25h[?25l$ l[0K[?25h[?25l$ alias[0K[?25h[?25l$ exit[0K[?25h[?25l$ vim .bash_profile[0K[?25h[?25l$ vim .bash_aliases[0K[?25h[?25l$ ls -alhF[0K[?25h[?25l$ ls[0K[?25h[?25l$ l[0K[?25h[?25l$ cd ..[0K[?25h[?25l$ cd Documents/[0K[?25h[?25l$ alias[0K[?25h[?25l$ which git[0K[?25h[?25l$ alias[0K[?25h[?25l$ cd Documents/[0K[?25h[?25l$ cd ..[0K[?25h[?25l$ l[0K[?25hs[0K -alhF[0K[?25l$ vim .bash_aliases[0K[?25h[?25l$ vim .bash_profile[0K[?25h[?25l$ exit[0K[?25h[?25l$ alias[0K[?25h[?25l$ l[0K[?25h[?25l$ cd Documents/[0K[?25h[?25l$ l[0K[?25h[?25l$ cd R[0K[?25h[?25l$ l[0K[?25h[?25l$ mkdir hw01[0K[?25h[?25l$ cd hw01[0K[?25h[?25l$ git remote add origin [0K[?25h[?25l$ git init[0K[?25h[?25l$ git remote add origin [0K[?25h[?25l$ git config remote.origin.url[0K[32G[?25h[?25l$ git config remote.origin.url git@github.com:1072-datascience/hw1-hsuehhan.git[0K[?25h[?25l$ git pull origin master[0K[?25h[?25l$ l[0K[?25h[?25l$ git add README.md[0K[?25h[?25l$ git commit -m "edit name"[0K[?25h[?25l$ git push origin master[0K[?25h[?25l$ git add readme.md[0K[?25h[?25l$ git commit -m "edit name"[0K[20G[?25h[28G[?25l$ git push origin master[0K[?25h[?25l$ git push origin proposed-fixes[0K[34G[?25h[?25l$ git init[0K[?25h[?25l$ git add README.md[0K[?25h[?25l$ git commit -m "edit name"[0K[?25h[?25l$ git push origin master[0K[?25h[?25l$[0K[3G[?25h[?25l$ git push origin master[0K[?25h[?25l$ git commit -m "edit name"[0K[?25h[?25l$ git add README.md[0K[?25h[?25l$ git init[0K[?25h[?25l$ git push origin proposed-fixes[0K[34G[?25h[?25l$ git push origin master[0K[?25h[?25l$ git commit -m "edit name"[0K[?25h[?25l$ git add readme.md[0K[?25h[?25l$ git push origin master[0K[?25h[?25l$ git commit -m "edit name"[0K[?25h[?25l$ git add README.md[0K[?25h[?25l$ l[0K[?25h[?25l$ git pull origin master[0K[?25h[?25l$ git config remote.origin.url git@github.com:1072-datascience/hw1-hsuehhan.git[0K[?25h[?25l$ git config remote.origin.url[0K[32G[?25h[?25l$ git remote add origin [0K[?25h[?25l$ git init[0K[?25h[?25l$ git remote add origin [0K[?25h[?25l$ cd hw01[0K[?25h[?25l$ mkdir hw01[0K[?25h[?25l$ cd R[0K[?25h[?25l$ l[0K[?25h[?25l$ cd Documents/[0K[?25h[?25l$ l[0K[?25h[?25l$ alias[0K[?25h[?25l$ exit[0K[?25h[?25l$ vim .bash_profile[0K[7G[?25h[?25l$ vim .bash_aliases[0K[?25h[?25l$ ls -alhF[0K[?25h[?25l$ ls[0K[?25h[?25l$ l[0K[?25h[?25l$ cd ..[0K[?25h[?25l$ cd Documents/[0K[?25h[?25l$ alias[0K[?25h[?25l$ which git[0K[?25h[?25l$ alias[0K[?25h[?25l$ cd Documents/[0K[?25h[?25l$ alias[0K[?25h[?25l$ which git[0K[?25h[?25l$ alias[0K[?25h[?25l$ cd Documents/[0K[?25h[?25l$ cd ..[0K[?25h[?25l$ l[0K[?25hs[0K -alhF[0K[?25l$ vim .bash_aliases[0K[?25h[?25l$ vim .bash_profile[0K[?25h[?25l$ exit[0K[?25h[?25l$ l[0K[8G[?25h[?25l$ cd Documents/[0K[4G[?25h[16G[?25l$ l[0K[?25h[?25l$ cd R[0K[?25h[?25l$ l[0K[?25h[?25l$ mkdir hw01[0K[?25h[?25l$ cd hw01[0K[?25h[?25l$ git remote add origin [0K[?25h[?25l$ git init[0K[?25h[?25l$ git remote add origin [0K[?25h[?25l$ git config remote.origin.url git@github.com:1072-datascience/hw1-hsuehhan.git[0K[32G[?25h[80G[?25l$ git pull origin master[0K[?25h[?25l$ l[0K[?25h[?25l$ git add README.md[0K[?25h[?25l$ git commit -m "edit name"[0K[?25h[?25l$ git push origin master[0K[?25h[?25l$ git add readme.md[0K[?25h[?25l$ git commit -m "edit name"[0K[?25h[?25l$ git push origin master[0K[?25h[?25l$ git push origin proposed-fixes[0K[34G[?25h[?25l$ git init[0K[?25h[?25l$ git add README.md[0K[?25h[?25l$ git commit -m "edit name"[0K[?25h[?25l$ git push origin master[0K[?25h[?25l$[0K[3G[?25h[?25l$ git push origin master[0K[?25h[?25l$ git commit -m "edit name"[0K[?25h[?25l$ git add README.md[0K[?25h[?25l$ git init[0K[?25h[?25l$ git add README.md[0K[?25h[?25l
[0K[?25h[?25l
[0;32muser@DESKTOP-D0NT7ON [0;35m [0;33m~/Documents/hw1-hsuehhan[0;36m (proposed-fixes)[0m[0K
$[0K[3G[?25h[?25l$ git add README.md[0K[3G[?25h[20G[?25l$ git push origin master[0K[?25h[?25l$ git commit -m "edit name"[0K[?25h[?25l
[0K[?25h[proposed-fixes 4e90895] edit name[0K[?25l
 1 file changed, 1 insertion(+), 1 deletion(-)[0K
[0K[?25h[?25l
[0;32muser@DESKTOP-D0NT7ON [0;35m [0;33m~/Documents/hw1-hsuehhan[0;36m (proposed-fixes)[0m[0K
$[0K[3G[?25h[?25l$ git commit -m "edit name"[0K[?25h[?25l$ git add README.md[0K[?25h[?25l$ git push origin master[0K[?25h[?25l$ git push origin maste[0K[25G[?25h[24G[?25l$ git push origin mast[0K[?25h[?25l$ git push origin mas[0K[?25h[?25l$ git push origin ma[0K[?25h[?25l$ git push origin m[0K[?25h[?25l$ git push origin[0K[19G[?25h[?25l$ git push origin p[0K[?25hroposed-fixes[0K[34G[?25l
[0K[?25hEnumerating objects: 5, done.[0K[?25l
Counting objects: 100% (5/5), done.[0K
Delta compression using up to 8 threads[0K
Compressing objects: 100% (3/3), done.[0K
Writing objects: 100% (3/3), 310 bytes | 77.00 KiB/s, done.[0K[2G[?25h[?25l
Total 3 (delta 2), reused 0 (delta 0)[0K
[0K[?25hremote: Resolving deltas: 100% (2/2), completed with 2 local objects.[0K[?25l
[0K[?25hTo github.com:hsuehhan/hw1-hsuehhan.git[0K[?25l
   963c34a..4e90895  proposed-fixes -> proposed-fixes[0K
[0K[?25h[?25l
[0;32muser@DESKTOP-D0NT7ON [0;35m [0;33m~/Documents/hw1-hsuehhan[0;36m (proposed-fixes)[0m[0K
$[0K[3G[?25h[?25l$ git push origin proposed-fixes[0K[34G[?25h[?25l$ git commit -m "edit name"[0K[?25h[?25l$ git add README.md[0K[?25h[?25l$ git push origin master[0K[20G[?25h[25G[?25l$ git commit -m "edit name"[0K[?25h[?25l$ git push origin master[0K[?25h[?25l
[0K[?25hEverything up-to-date[0K[?25l
[0K[?25h[?25l
[0;32muser@DESKTOP-D0NT7ON [0;35m [0;33m~/Documents/hw1-hsuehhan[0;36m (proposed-fixes)[0m[0K[23G[?25h[?25l
$[0K[3G[?25h[?25l$ g[0K[?25hi[0Kt[0K[7G[?25l$ git b[0K[?25hr[0Ka[0Kn[0Kc[0Kh[0K[?25l
[0K[?25h  master[0K[?25l
* [0;32mproposed-fixes[0m[0K
[0K[?25h[?25l
[0;32muser@DESKTOP-D0NT7ON [0;35m [0;33m~/Documents/hw1-hsuehhan[0;36m (proposed-fixes)[0m[0K
$[0K[3G[?25h[?25l$ g[0K[?25hi[0Kt[0K[7G[?25l$ git c[0K[?25hh[0Ke[0Kc[0Kh[0K[?25l$ git chec[0K[?25hk[0Kp[0Ku[0Kt[0K[?25l$ git checkpu[0K[?25h[?25l$ git checkp[0K[14G[?25h[13G[?25l$ git check[0K[?25ho[0Ku[0Kt[0K[16G[?25l$ git checkout m[0K[?25ha[0Ks[0Kt[0Ke[0Kr[0K[?25l
[0K[?25hSwitched to branch 'master'[0K[?25l
[0K[?25h[?25l
[0;32muser@DESKTOP-D0NT7ON [0;35m [0;33m~/Documents/hw1-hsuehhan[0;36m (master)[0m[0K
$[0K[3G[?25h[?25l$ git checkout master[0K[?25h[?25l$ git branch[0K[?25h[?25l$ git push origin master[0K[?25h[?25l$ git push origin proposed-fixes[0K[34G[?25h[?25l$ git push origin master[0K[?25h[?25l$ git push origin proposed-fixes[0K[34G[?25h[?25l$ git commit -m "edit name"[0K[?25h[?25l$ git add README.md[0K[?25h[?25l
[0K[?25h[?25l
[0;32muser@DESKTOP-D0NT7ON [0;35m [0;33m~/Documents/hw1-hsuehhan[0;36m (master)[0m[0K
$[0K[3G[?25h[?25l$ git add README.md[0K[?25h[?25l$ git checkout master[0K[?25h[?25l$ git branch[0K[?25h[?25l$ git push origin master[0K[?25h[?25l$ git push origin proposed-fixes[0K[34G[?25h[?25l$ git commit -m "edit name"[0K[?25h[?25l$ git add README.md[0K[?25h[?25l$ git commit -m "edit name"[0K[?25h[?25l
[0K[?25hOn branch master[0K[?25l
Untracked files:[0K
        [0;31m.Rhistory[0m[0K
        [0;31m.Rproj.user/[0m[0K
[0K
nothing added to commit but untracked files present[0K
[0K[?25h[?25l
[0;32muser@DESKTOP-D0NT7ON [0;35m [0;33m~/Documents/hw1-hsuehhan[0;36m (master)[0m[0K
$[0K[3G[?25h[?25l$ git commit -m "edit name"[0K[?25h[?25l$ git add README.md[0K[?25h[?25l$ git checkout master[0K[?25h[?25l$ git branch[0K[?25h[?25l$ git push origin master[0K[?25h[?25l$ git push origin proposed-fixes[0K[34G[?25h[?25l$ git push origin master[0K[?25h[?25l
[0K[?25hEverything up-to-date[0K[?25l
[0K[?25h[?25l
[0;32muser@DESKTOP-D0NT7ON [0;35m [0;33m~/Documents/hw1-hsuehhan[0;36m (master)[0m[0K
$[0K[3G[?25h